===== .gitignore =====
executable: false

node_modules
dist
coverage
.nyc_output
.DS_Store
*.log
*.tsbuildinfo
*.tgz
.env
.env.*
!.env.example
.vscode/*
!.vscode/extensions.json
!.vscode/settings.json
.idea
package-lock.json
yarn.lock
report/

===== .oxfmtrc.json =====
executable: false

{
  "ignorePatterns": ["*.json", "**/*.json", "*.jsonc", "**/*.jsonc", "*.yml", "**/*.yml"]
}

===== .oxlintrc.json =====
executable: false

{
  "$schema": "./node_modules/oxlint/configuration_schema.json",
  "ignorePatterns": ["*.jsonc", "**/*.jsonc", "*.yml", "**/*.yml"],
  "plugins": ["typescript", "unicorn", "oxc"],
  "categories": {
    "correctness": "error"
  },
  "rules": {},
  "env": {
    "builtin": true
  }
}

===== .vscode/extensions.json =====
executable: false

{
  "recommendations": ["oxc.oxc-vscode", "vitest.explorer"]
}

===== .vscode/settings.json =====
executable: false

{
  "editor.defaultFormatter": "oxc.oxc-vscode",
  "editor.formatOnSave": true,
  "oxc.enable": true,
  "typescript.tsdk": "node_modules/typescript/lib"
}

===== AGENTS.md =====
executable: false

# AGENTS.md

Guidance for Codex and other coding agents working in this TypeScript library.

## Project Conventions

- Use pnpm for all package management and scripts.
- Keep implementation code in `source/` and Vitest coverage in `test/`.
- Treat this package as Node 22+ and ESM-only. Do not add CommonJS compatibility unless explicitly requested.
- Do not add Prettier. Linting is handled by Oxlint, and formatting is handled by Oxfmt.
- Use Zod for external input validation and anywhere runtime validation is needed.

## Code Changes

- Keep the public API intentional. Export from `source/index.ts` deliberately, and do not expose internal modules by accident.
- Keep CLI entry points thin. Parse arguments and handle process I/O in CLI files, but put reusable behavior in normal library modules.
- Prefer small, direct dependencies when they materially simplify the implementation.
- Update or add Vitest tests for every behavior change.
- Update dependency-cruiser and Semgrep checks when architecture or security expectations change.

## Verification

- Before handoff, run `pnpm run release:check`.
- Use smaller targeted checks while iterating, such as `pnpm run test`, `pnpm run lint`, `pnpm run deps:lint`, or `pnpm run security:lint`.
- `pnpm run security:lint` prefers `semgrep` on PATH and otherwise runs the pinned `uvx semgrep@1.165.0` scan. Install Semgrep directly or install uv if both commands are missing.

===== .dependency-cruiser.cjs =====
executable: false

/** @type {import("dependency-cruiser").IConfiguration} */
module.exports = {
  forbidden: [
    {
      name: "no-circular",
      severity: "error",
      from: {},
      to: {
        circular: true,
      },
    },
    {
      name: "not-to-unresolvable",
      severity: "error",
      from: {},
      to: {
        couldNotResolve: true,
      },
    },
    {
      name: "no-undeclared-packages",
      severity: "error",
      from: {},
      to: {
        dependencyTypes: ["npm-no-pkg", "npm-unknown"],
      },
    },
    {
      name: "source-not-to-test",
      severity: "error",
      from: {
        path: "^source/",
      },
      to: {
        path: "^test/",
      },
    },
    {
      name: "source-not-to-dev-dependencies",
      severity: "error",
      from: {
        path: "^source/",
      },
      to: {
        dependencyTypes: ["npm-dev"],
        dependencyTypesNot: ["type-only"],
        pathNot: ["^node_modules/@types/"],
      },
    },
  ],
  options: {
    doNotFollow: {
      path: ["node_modules"],
    },
    enhancedResolveOptions: {
      conditionNames: ["import", "node", "types", "default"],
      exportsFields: ["exports"],
      mainFields: ["module", "main", "types", "typings"],
    },
    tsConfig: {
      fileName: "tsconfig.json",
    },
    tsPreCompilationDeps: "specify",
  },
};

===== lefthook.yml =====
executable: false

pre-commit:
  commands:
    lint:
      run: pnpm run lint

===== semgrep.yml =====
executable: false

rules:
  - id: no-eval-like-execution
    message: Avoid eval-like dynamic code execution. Parse data or dispatch explicit functions instead.
    severity: ERROR
    languages:
      - javascript
      - typescript
    pattern-either:
      - pattern: eval(...)
      - pattern: new Function(...)

  - id: no-child-process-exec
    message: Avoid child_process exec/execSync. Use execFile or spawn with explicit arguments instead.
    severity: ERROR
    languages:
      - javascript
      - typescript
    pattern-either:
      - patterns:
          - pattern-inside: |
              import * as $CHILD_PROCESS from "node:child_process";
              ...
          - pattern-either:
              - pattern: $CHILD_PROCESS.exec(...)
              - pattern: $CHILD_PROCESS.execSync(...)
      - patterns:
          - pattern-inside: |
              import * as $CHILD_PROCESS from "child_process";
              ...
          - pattern-either:
              - pattern: $CHILD_PROCESS.exec(...)
              - pattern: $CHILD_PROCESS.execSync(...)
      - patterns:
          - pattern-inside: |
              import $CHILD_PROCESS from "node:child_process";
              ...
          - pattern-either:
              - pattern: $CHILD_PROCESS.exec(...)
              - pattern: $CHILD_PROCESS.execSync(...)
      - patterns:
          - pattern-inside: |
              import $CHILD_PROCESS from "child_process";
              ...
          - pattern-either:
              - pattern: $CHILD_PROCESS.exec(...)
              - pattern: $CHILD_PROCESS.execSync(...)
      - patterns:
          - pattern-inside: |
              const $CHILD_PROCESS = require("node:child_process");
              ...
          - pattern-either:
              - pattern: $CHILD_PROCESS.exec(...)
              - pattern: $CHILD_PROCESS.execSync(...)
      - patterns:
          - pattern-inside: |
              const $CHILD_PROCESS = require("child_process");
              ...
          - pattern-either:
              - pattern: $CHILD_PROCESS.exec(...)
              - pattern: $CHILD_PROCESS.execSync(...)
      - patterns:
          - pattern-inside: |
              import { exec } from "node:child_process";
              ...
          - pattern: exec(...)
      - patterns:
          - pattern-inside: |
              import { exec } from "child_process";
              ...
          - pattern: exec(...)
      - patterns:
          - pattern-inside: |
              import { execSync } from "node:child_process";
              ...
          - pattern: execSync(...)
      - patterns:
          - pattern-inside: |
              import { execSync } from "child_process";
              ...
          - pattern: execSync(...)
      - patterns:
          - pattern-inside: |
              import { exec as $EXEC } from "node:child_process";
              ...
          - pattern: $EXEC(...)
      - patterns:
          - pattern-inside: |
              import { exec as $EXEC } from "child_process";
              ...
          - pattern: $EXEC(...)
      - patterns:
          - pattern-inside: |
              import { execSync as $EXEC_SYNC } from "node:child_process";
              ...
          - pattern: $EXEC_SYNC(...)
      - patterns:
          - pattern-inside: |
              import { execSync as $EXEC_SYNC } from "child_process";
              ...
          - pattern: $EXEC_SYNC(...)
      - patterns:
          - pattern-inside: |
              const { exec } = require("node:child_process");
              ...
          - pattern: exec(...)
      - patterns:
          - pattern-inside: |
              const { exec } = require("child_process");
              ...
          - pattern: exec(...)
      - patterns:
          - pattern-inside: |
              const { execSync } = require("node:child_process");
              ...
          - pattern: execSync(...)
      - patterns:
          - pattern-inside: |
              const { execSync } = require("child_process");
              ...
          - pattern: execSync(...)
      - patterns:
          - pattern-inside: |
              const { exec: $EXEC } = require("node:child_process");
              ...
          - pattern: $EXEC(...)
      - patterns:
          - pattern-inside: |
              const { exec: $EXEC } = require("child_process");
              ...
          - pattern: $EXEC(...)
      - patterns:
          - pattern-inside: |
              const { execSync: $EXEC_SYNC } = require("node:child_process");
              ...
          - pattern: $EXEC_SYNC(...)
      - patterns:
          - pattern-inside: |
              const { execSync: $EXEC_SYNC } = require("child_process");
              ...
          - pattern: $EXEC_SYNC(...)

  - id: no-shell-true-process
    message: Avoid shell:true process execution. Pass explicit argv to the executable instead.
    severity: ERROR
    languages:
      - javascript
      - typescript
    pattern-either:
      - pattern: 'spawn($COMMAND, $ARGS, { ..., shell: true, ... })'
      - pattern: 'spawnSync($COMMAND, $ARGS, { ..., shell: true, ... })'
      - pattern: 'execa($COMMAND, $ARGS, { ..., shell: true, ... })'
      - patterns:
          - pattern: '$PROCESS($COMMAND, { ..., shell: true, ... })'
          - metavariable-regex:
              metavariable: $PROCESS
              regex: ^(spawn|spawnSync|execFile|execFileSync|execa|execaSync|execaCommand|execaCommandSync)$

  - id: no-weak-crypto-hash
    message: Avoid weak cryptographic hashes. Use SHA-256 or stronger for security-sensitive hashing.
    severity: ERROR
    languages:
      - javascript
      - typescript
    pattern-either:
      - pattern: crypto.createHash("md5")
      - pattern: crypto.createHash("sha1")
      - pattern: createHash("md5")
      - pattern: createHash("sha1")

  - id: no-math-random-security-sensitive
    message: Avoid Math.random for security-sensitive values. Use crypto.randomUUID or crypto.getRandomValues instead.
    severity: ERROR
    languages:
      - javascript
      - typescript
    pattern-either:
      - patterns:
          - pattern-either:
              - pattern: const $NAME = Math.random()
              - pattern: let $NAME = Math.random()
              - pattern: var $NAME = Math.random()
              - pattern: $OBJECT.$NAME = Math.random()
          - metavariable-regex:
              metavariable: $NAME
              regex: (?i)(token|secret|nonce|session|password|key|csrf|auth)
      - patterns:
          - pattern-either:
              - pattern: |
                  function $NAME(...) {
                    ...
                    return Math.random()
                    ...
                  }
              - pattern: const $NAME = (...) => Math.random()
              - pattern: |
                  const $NAME = (...) => {
                    ...
                    return Math.random()
                    ...
                  }
          - metavariable-regex:
              metavariable: $NAME
              regex: (?i)(token|secret|nonce|session|password|key|csrf|auth)

===== scripts/security-lint.mjs =====
executable: false

import { spawnSync } from "node:child_process";

const semgrepVersion = "1.165.0";
const semgrepArguments = ["scan", "--config", "semgrep.yml", "--error", "source", "test"];
const forceUvx = process.env.SECURITY_LINT_FORCE_UVX === "1";

const runCommand = (command, arguments_) =>
  spawnSync(command, arguments_, {
    stdio: "inherit",
  });

const warn = (message) => {
  process.stderr.write(`${message}\n`);
};

const exitWithResult = (result) => {
  if (result.error) {
    throw result.error;
  }

  if (result.signal) {
    warn(`warning: security lint exited after signal ${result.signal}`);
    process.exit(1);
  }

  process.exit(result.status ?? 1);
};

const runSemgrep = () => {
  if (forceUvx) {
    return { error: Object.assign(new Error("Forced uvx Semgrep"), { code: "ENOENT" }) };
  }

  return runCommand("semgrep", semgrepArguments);
};

const runPinnedSemgrep = () =>
  runCommand("uvx", [`semgrep@${semgrepVersion}`, ...semgrepArguments]);

const semgrepResult = runSemgrep();

if (!semgrepResult.error) {
  exitWithResult(semgrepResult);
}

if (semgrepResult.error.code !== "ENOENT") {
  throw semgrepResult.error;
}

const uvxResult = runPinnedSemgrep();

if (uvxResult.error?.code === "ENOENT") {
  warn(`warning: security:lint requires semgrep on PATH or uvx for semgrep@${semgrepVersion}.`);
  warn("warning: install Semgrep directly or install uv so uvx can run the pinned scan.");
  process.exit(1);
}

exitWithResult(uvxResult);

===== package.json =====
executable: false

{
  "name": "@hbmartin/validated-cli",
  "version": "0.1.0",
  "description": "A generated TypeScript library",
  "homepage": "https://github.com/hbmartin/generated-lib#readme",
  "bugs": {
    "url": "https://github.com/hbmartin/generated-lib/issues"
  },
  "license": "MIT",
  "author": "Harold Martin <harold@example.com>",
  "repository": {
    "type": "git",
    "url": "git+https://github.com/hbmartin/generated-lib.git"
  },
  "bin": {
    "validated-cli": "dist/cli.js"
  },
  "files": [
    "dist"
  ],
  "type": "module",
  "packageManager": "pnpm@11.5.2",
  "exports": {
    ".": {
      "types": "./dist/index.d.ts",
      "default": "./dist/index.js"
    }
  },
  "scripts": {
    "build": "tsc -p tsconfig.build.json",
    "check": "pnpm run lint && pnpm run typecheck && pnpm run deps:lint && pnpm run security:lint && pnpm run test:coverage",
    "deps:lint": "depcruise --config .dependency-cruiser.cjs source test",
    "dev": "tsc --watch",
    "format": "oxfmt . --write",
    "lint": "oxlint --deny-warnings . && oxfmt --check .",
    "attw": "attw --pack . --profile esm-only",
    "prepare": "lefthook install",
    "prepublishOnly": "pnpm run check && pnpm run build && pnpm run verify:artifacts && pnpm run publint && pnpm run types:lint",
    "publint": "publint --pack pnpm",
    "release:check": "pnpm run prepublishOnly && pnpm run verify:package",
    "security:lint": "node scripts/security-lint.mjs",
    "size:report": "npm pack --dry-run --json",
    "test": "vitest run",
    "test:coverage": "vitest run --coverage",
    "typecheck": "tsc --noEmit",
    "types:lint": "attw --pack . --profile esm-only",
    "verify:artifacts": "node -e \"for (const file of ['dist/index.js','dist/index.d.ts','dist/cli.js','dist/cli.d.ts']) require('node:fs').statSync(file)\"",
    "verify:package": "npm publish --dry-run --ignore-scripts"
  },
  "dependencies": {
    "meow": "^14.1.0",
    "zod": "^4.4.3"
  },
  "devDependencies": {
    "@arethetypeswrong/cli": "^0.18.3",
    "@sindresorhus/tsconfig": "^8.1.0",
    "@types/node": "^25.9.2",
    "@vitest/coverage-v8": "^4.1.8",
    "dependency-cruiser": "^17.4.3",
    "lefthook": "^2.1.9",
    "oxfmt": "^0.53.0",
    "oxlint": "^1.68.0",
    "publint": "^0.3.21",
    "typescript": "^6.0.3",
    "vitest": "^4.1.8"
  },
  "pnpm": {
    "overrides": {
      "@types/node": "^25.9.2"
    }
  },
  "engines": {
    "node": ">=22"
  }
}

===== README.md =====
executable: false

# `@hbmartin/validated-cli`

[![npm version](https://img.shields.io/npm/v/@hbmartin/validated-cli.svg)](https://www.npmjs.com/package/@hbmartin/validated-cli)
[![CI](https://github.com/hbmartin/generated-lib/actions/workflows/ci.yml/badge.svg)](https://github.com/hbmartin/generated-lib/actions/workflows/ci.yml)
[![License: MIT](https://img.shields.io/badge/license-MIT-blue.svg)](LICENSE)

A generated TypeScript library

## Install

```bash
pnpm add @hbmartin/validated-cli
```

## Usage

```ts
import { formatValue } from "@hbmartin/validated-cli";

const output = formatValue({ ready: true });
```

## CLI

```bash
validated-cli --help
```

## Development

Lint, format, type-check, dependency and security policy checks, and tests are
wired into a single command:

```bash
pnpm run check         # lint + dep/security checks + typecheck + coverage
pnpm run test          # run tests
pnpm run build         # build to dist/
pnpm run release:check # package validation + publish dry run
```

`pnpm run security:lint` prefers `semgrep` on PATH and otherwise runs the pinned `uvx semgrep@1.165.0` scan.

See [`AGENTS.md`](AGENTS.md) for the conventions this project follows.

## Releasing

Publishing is automated: bump the version with `pnpm version`, push, and
publish a GitHub release. The release workflow validates the package and runs
`npm publish` with [provenance](https://docs.npmjs.com/generating-provenance-statements).

The workflow authenticates with npm
[trusted publishing](https://docs.npmjs.com/trusted-publishers) (OIDC) instead
of a long-lived token. Before the first release, add a trusted publisher on
npmjs.com for `hbmartin/generated-lib` pointing at the `release.yml` GitHub Actions
workflow.

## License

[MIT](LICENSE) © Harold Martin.

===== pnpm-workspace.yaml =====
executable: false

packages:
  - "."

allowBuilds:
  lefthook: true

===== tsconfig.json =====
executable: false

{
  "extends": "@sindresorhus/tsconfig",
  "compilerOptions": {
    "outDir": "dist",
    "noUnusedLocals": false,
    "erasableSyntaxOnly": false
  },
  "include": ["source"]
}

===== tsconfig.build.json =====
executable: false

{
  "extends": "./tsconfig.json",
  "compilerOptions": {
    "declaration": true,
    "declarationMap": true,
    "rootDir": "source"
  }
}

===== vitest.config.ts =====
executable: false

import { defineConfig } from "vitest/config";

export default defineConfig({
  test: {
    environment: "node",
    include: ["test/**/*.test.ts"],
    coverage: {
      provider: "v8",
      reporter: ["lcov", "text"],
      include: ["source/**/*.ts"],
      exclude: ["test/**/*.test.ts"],
      thresholds: {
        branches: 80,
        functions: 80,
        lines: 80,
        statements: 80,
      },
    },
  },
});

===== LICENSE =====
executable: false

MIT License

Copyright (c) 2026 Harold Martin

Permission is hereby granted, free of charge, to any person obtaining a copy
of this software and associated documentation files (the "Software"), to deal
in the Software without restriction, including without limitation the rights
to use, copy, modify, merge, publish, distribute, sublicense, and/or sell
copies of the Software, and to permit persons to whom the Software is
furnished to do so, subject to the following conditions:

The above copyright notice and this permission notice shall be included in all
copies or substantial portions of the Software.

THE SOFTWARE IS PROVIDED "AS IS", WITHOUT WARRANTY OF ANY KIND, EXPRESS OR
IMPLIED, INCLUDING BUT NOT LIMITED TO THE WARRANTIES OF MERCHANTABILITY,
FITNESS FOR A PARTICULAR PURPOSE AND NONINFRINGEMENT. IN NO EVENT SHALL THE
AUTHORS OR COPYRIGHT HOLDERS BE LIABLE FOR ANY CLAIM, DAMAGES OR OTHER
LIABILITY, WHETHER IN AN ACTION OF CONTRACT, TORT OR OTHERWISE, ARISING FROM,
OUT OF OR IN CONNECTION WITH THE SOFTWARE OR THE USE OR OTHER DEALINGS IN THE
SOFTWARE.

===== source/index.ts =====
executable: false

export type { BrandedId } from "./types/index.js";
export { formatValue } from "./utils/formatting.js";

===== source/types/index.ts =====
executable: false

export type BrandedId<T extends string> = string & {
  readonly __brand: T;
};

===== source/utils/formatting.ts =====
executable: false

export const formatValue = (value: unknown): string => {
  if (value === undefined) {
    return "";
  }

  if (typeof value === "string") {
    return value;
  }

  return JSON.stringify(value) ?? "";
};

===== test/utils/formatting.test.ts =====
executable: false

import { describe, expect, it } from "vitest";

import { formatValue } from "../../source/utils/formatting.js";

describe("formatValue", () => {
  it("returns empty string for undefined", () => {
    expect(formatValue(undefined)).toBe("");
  });

  it("returns string values directly", () => {
    expect(formatValue("hello")).toBe("hello");
  });

  it("JSON-serializes non-string values", () => {
    expect(formatValue(42)).toBe("42");
    expect(formatValue(null)).toBe("null");
    expect(formatValue([1, 2, 3])).toBe("[1,2,3]");
    expect(formatValue({ a: 1 })).toBe('{"a":1}');
  });

  it("returns empty string when JSON serialization has no string output", () => {
    expect(formatValue(() => undefined)).toBe("");
    expect(formatValue(Symbol("test"))).toBe("");
  });
});

===== source/cli.ts =====
executable: true

#!/usr/bin/env node
import meow from "meow";

meow(
  `
  Usage
    $ validated-cli <input>

  Options
    --help     Show help
    --version  Show version
  `,
  { importMeta: import.meta },
);

===== test/cli.test.ts =====
executable: false

import { describe, expect, it, vi } from "vitest";

const { meow } = vi.hoisted(() => ({
  meow: vi.fn(() => ({
    flags: {},
    input: [],
  })),
}));

vi.mock("meow", () => ({
  default: meow,
}));

describe("cli", () => {
  it("configures the CLI help text", async () => {
    await import("../source/cli.js");

    expect(meow).toHaveBeenCalledWith(
      expect.stringContaining("$ validated-cli <input>"),
      expect.objectContaining({
        importMeta: expect.anything(),
      }),
    );
  });
});

===== renovate.json =====
executable: false

{
  "$schema": "https://docs.renovatebot.com/renovate-schema.json",
  "extends": ["config:recommended"],
  "rangeStrategy": "bump",
  "packageRules": [
    {
      "description": "Keep GitHub Actions pinned and updated deliberately.",
      "matchManagers": ["github-actions"],
      "pinDigests": true
    }
  ]
}

===== .github/workflows/ci.yml =====
executable: false

name: ci
on:
  pull_request:
    branches: [main]
  push:
    branches: [main]

permissions:
  contents: read
  pull-requests: write

concurrency:
  group: ci-${{ github.ref }}
  cancel-in-progress: true

jobs:
  checks:
    runs-on: ubuntu-latest
    strategy:
      fail-fast: false
      matrix:
        node-version: ["22", "24"]
    steps:
      - uses: actions/checkout@df4cb1c069e1874edd31b4311f1884172cec0e10 # v6.0.3
        with:
          persist-credentials: false
      - uses: pnpm/action-setup@0e279bb959325dab635dd2c09392533439d90093 # v6.0.8
        with:
          version: 11.5.2
      - uses: actions/setup-node@48b55a011bda9f5d6aeb4c2d9c7362e8dae4041e # v6.4.0
        with:
          node-version: ${{ matrix.node-version }}
          cache: "pnpm"
      - uses: astral-sh/setup-uv@fac544c07dec837d0ccb6301d7b5580bf5edae39 # v8.2.0
        with:
          enable-cache: true
      - run: pnpm install --frozen-lockfile
      - run: pnpm audit --prod
      - run: pnpm run check
        env:
          SECURITY_LINT_FORCE_UVX: "1"
      - name: TypeScript 7 compatibility probe
        run: pnpm --package @typescript/native-preview@7.0.0-dev.20260421.2 dlx tsgo -p tsconfig.json --noEmit
      - run: pnpm run build
      - run: pnpm run publint

      - name: Upload coverage to Codecov
        if: matrix.node-version == '24'
        uses: codecov/codecov-action@fb8b3582c8e4def4969c97caa2f19720cb33a72f # v7.0.0
        with:
          token: ${{ secrets.CODECOV_TOKEN }}
          fail_ci_if_error: true

===== .github/workflows/release.yml =====
executable: false

name: Release

on:
  release:
    types: [published]

permissions:
  contents: read
  id-token: write

concurrency:
  group: release-${{ github.event.release.tag_name }}
  cancel-in-progress: false

jobs:
  publish:
    name: Publish to npm
    runs-on: ubuntu-latest
    steps:
      - name: Checkout
        uses: actions/checkout@df4cb1c069e1874edd31b4311f1884172cec0e10 # v6.0.3
        with:
          ref: ${{ github.event.release.tag_name }}

      - name: Setup pnpm
        uses: pnpm/action-setup@0e279bb959325dab635dd2c09392533439d90093 # v6.0.8
        with:
          version: 11.5.2

      - name: Setup Node.js
        uses: actions/setup-node@48b55a011bda9f5d6aeb4c2d9c7362e8dae4041e # v6.4.0
        with:
          node-version: '22.x'
          cache: 'pnpm'
          cache-dependency-path: pnpm-lock.yaml
          registry-url: 'https://registry.npmjs.org'

      - name: Setup uv
        uses: astral-sh/setup-uv@fac544c07dec837d0ccb6301d7b5580bf5edae39 # v8.2.0
        with:
          enable-cache: true

      - name: Upgrade npm to latest
        run: |
          npm -v
          npm config set prefix ~/.local
          export PATH="$HOME/.local/bin:$PATH"
          echo "$HOME/.local/bin" >> "$GITHUB_PATH"
          npm install -g npm@latest
          hash -r
          npm -v

      - name: Install dependencies
        run: pnpm install --frozen-lockfile

      - name: Run release checks
        run: pnpm run release:check
        env:
          SECURITY_LINT_FORCE_UVX: "1"

      - name: Report bundle size
        run: pnpm run size:report

      - name: Publish to npm
        run: |
          TAG="latest"
          if [[ "${{ github.event.release.prerelease }}" == "true" ]]; then
            TAG="next"
          fi

          echo "Publishing with tag: $TAG"
          npm publish --tag "$TAG" --access public --provenance

===== .create-ts-lib.json =====
executable: false

{
  "config": {
    "author": "Harold Martin <harold@example.com>",
    "bundler": "tsc",
    "description": "A generated TypeScript library",
    "githubRepoUrl": "https://github.com/hbmartin/generated-lib",
    "includeCli": true,
    "includeCodecov": true,
    "includeJsr": false,
    "includeSecurityWorkflows": false,
    "includeZod": true,
    "license": "MIT",
    "lintFormatTooling": "oxlint-oxfmt",
    "packageManager": "pnpm",
    "projectName": "@hbmartin/validated-cli"
  },
  "files": {
    ".gitignore": "77a1ed509268e78182b81dd081433a17c0a01bddf16967b1104955834db72264",
    ".oxfmtrc.json": "ca32fc6792d239fa365f65524b2fb52f67aaf72713339e2e5a208cdc5b0f4cc0",
    ".oxlintrc.json": "073e8e8bd576c1f99825edb90518f125a973c751c569e8d1e3c9f1b1ff5ba517",
    ".vscode/extensions.json": "64adf17da20621ee37e9a5d484b9733b5707e364ff007b3bbdb4b4a131a46bf6",
    ".vscode/settings.json": "3085362e70c4f8913b5eae2b6f03b5e59fcdb732308af2d0c8cb2e0ec7011fa9",
    "AGENTS.md": "46e89082132f81e26d733815b6aef77f08a6428d27f0dea6ee4aa92e761f4404",
    ".dependency-cruiser.cjs": "f029f4cf4b444eae31fd5351dfe364352c2617c02d366d08e5f6291f9becd96b",
    "lefthook.yml": "ad39670426a452a1ec6258af88a582d553acffdc34f35d2c672c2fc133ee0bc9",
    "semgrep.yml": "873f44e91dbe8e6d8bc40c63bb13ca5d50a36375df19b0bccbc4b71d3e481800",
    "scripts/security-lint.mjs": "946614560c9e752ec166b43d8436949adb7292d7a3afa9319aa08a773f141a32",
    "package.json": "4a462265e885e824dd52eac7e931c8e7ad3db1bfd736afd80ccd64e3a7eb3432",
    "README.md": "0e178421ab2c44a7fe073b94ffd0d7dfcecdd82aa4990599e12ac66ab142bd1f",
    "pnpm-workspace.yaml": "d15d9cfa7e20813fad6f5b200c5f0fa01e2dbafe45a07fbe3c057067ad95fceb",
    "tsconfig.json": "42ad0ea716a4470def8eeb617459c89889e67c3de983abbe0fd116f8177b25d9",
    "tsconfig.build.json": "c7b9f8cb01eea45afe7c6a5562e00b19cc1db1b26242555c03cc270d1a780a21",
    "vitest.config.ts": "5671b4ab301ed4947fe7d588d87e5f4222f83339bb4b6d54b79c9d709093d4f7",
    "LICENSE": "061464f1fe53e4a3f832eceb1e6f6c15d23f36f89b16dc016ff8a6e377e630eb",
    "source/index.ts": "b9fc0171e56e781e6847062178d9fa26ce46ac65f2a2ccafa7dc643b5cca4d7a",
    "source/types/index.ts": "58728d9a8282e8a9bdfd78efbb33ff5e5795594bf699c303f0edb56cbba45617",
    "source/utils/formatting.ts": "d21aef6bf37d6e8ce22ed57a3ac54be5e7469ebb5b985486813f2ca6b441bf9f",
    "test/utils/formatting.test.ts": "91479021e888723ae2d75f5de1c657f477a39ea37ecb7aaf9de8246697639d54",
    "source/cli.ts": "9440c0c627df4329f3162643fbe6121aea8f9ccb5901f40fcbc7790364475fb3",
    "test/cli.test.ts": "fa6f11f1f26f6073c3597272ea0da8484a5f8facac1bbf7b0afa885c33b106a4",
    "renovate.json": "0ae04eb363afc6f3007bb06def9e1fc15d72d51dceaa66694d1b5479a7a23d91",
    ".github/workflows/ci.yml": "09970db4a9c629faa4d4c0bff726b5406deb9aedddc9b96744c7dc48ee6ef1e3",
    ".github/workflows/release.yml": "fa6cd16483808198cad7444d9459b52d599ac5034b95d071a710b955069ce7ac"
  },
  "generator": "@hbmartin/create-ts-lib",
  "version": "<generator-version>"
}
