===== .gitignore =====
executable: false

node_modules
dist
coverage
.nyc_output
.DS_Store
*.log
*.tsbuildinfo
*.orig
*.orig.*
*.tgz
.env
.env.*
!.env.example
.vscode/*
!.vscode/extensions.json
!.vscode/settings.json
.idea
package-lock.json
yarn.lock
report/

===== .oxfmtrc.json =====
executable: false

{
  "ignorePatterns": [
    "*.json",
    "**/*.json",
    "*.jsonc",
    "**/*.jsonc",
    "*.yml",
    "**/*.yml",
    "*.md",
    "**/*.md"
  ]
}

===== .oxlintrc.json =====
executable: false

{
  "$schema": "./node_modules/oxlint/configuration_schema.json",
  "ignorePatterns": ["*.jsonc", "**/*.jsonc", "*.yml", "**/*.yml"],
  "plugins": ["typescript", "unicorn", "oxc"],
  "categories": {
    "correctness": "error"
  },
  "rules": {},
  "env": {
    "builtin": true
  }
}

===== .vscode/extensions.json =====
executable: false

{
  "recommendations": ["oxc.oxc-vscode", "vitest.explorer"]
}

===== .vscode/settings.json =====
executable: false

{
  "editor.defaultFormatter": "oxc.oxc-vscode",
  "editor.formatOnSave": true,
  "oxc.enable": true,
  "typescript.tsdk": "node_modules/typescript/lib"
}

===== CODE_OF_CONDUCT.md =====
executable: false

# Contributor Covenant Code of Conduct

## Our Pledge

We as members, contributors, and leaders pledge to make participation in our
community a harassment-free experience for everyone, regardless of age, body
size, visible or invisible disability, ethnicity, sex characteristics, gender
identity and expression, level of experience, education, socio-economic status,
nationality, personal appearance, race, caste, color, religion, or sexual
identity and orientation.

We pledge to act and interact in ways that contribute to an open, welcoming,
diverse, inclusive, and healthy community.

## Our Standards

Examples of behavior that contributes to a positive environment for our
community include:

- Demonstrating empathy and kindness toward other people
- Being respectful of differing opinions, viewpoints, and experiences
- Giving and gracefully accepting constructive feedback
- Accepting responsibility and apologizing to those affected by our mistakes,
  and learning from the experience
- Focusing on what is best not just for us as individuals, but for the overall
  community

Examples of unacceptable behavior include:

- The use of sexualized language or imagery, and sexual attention or advances of
  any kind
- Trolling, insulting or derogatory comments, and personal or political attacks
- Public or private harassment
- Publishing others' private information, such as a physical or email address,
  without their explicit permission
- Other conduct which could reasonably be considered inappropriate in a
  professional setting

## Enforcement Responsibilities

Community leaders are responsible for clarifying and enforcing our standards of
acceptable behavior and will take appropriate and fair corrective action in
response to any behavior that they deem inappropriate, threatening, offensive,
or harmful.

Community leaders have the right and responsibility to remove, edit, or reject
comments, commits, code, wiki edits, issues, and other contributions that are
not aligned to this Code of Conduct, and will communicate reasons for moderation
decisions when appropriate.

## Scope

This Code of Conduct applies within all community spaces, and also applies when
an individual is officially representing the community in public spaces.
Examples of representing our community include using an official email address,
posting via an official social media account, or acting as an appointed
representative at an online or offline event.

## Enforcement

Instances of abusive, harassing, or otherwise unacceptable behavior may be
reported to the community leaders responsible for enforcement at
harold@example.com.
All complaints will be reviewed and investigated promptly and fairly.

All community leaders are obligated to respect the privacy and security of the
reporter of any incident.

## Enforcement Guidelines

Community leaders will follow these Community Impact Guidelines in determining
the consequences for any action they deem in violation of this Code of Conduct:

### 1. Correction

**Community Impact**: Use of inappropriate language or other behavior deemed
unprofessional or unwelcome in the community.

**Consequence**: A private, written warning from community leaders, providing
clarity around the nature of the violation and an explanation of why the
behavior was inappropriate. A public apology may be requested.

### 2. Warning

**Community Impact**: A violation through a single incident or series of
actions.

**Consequence**: A warning with consequences for continued behavior. No
interaction with the people involved, including unsolicited interaction with
those enforcing the Code of Conduct, for a specified period of time. This
includes avoiding interactions in community spaces as well as external channels
like social media. Violating these terms may lead to a temporary or permanent
ban.

### 3. Temporary Ban

**Community Impact**: A serious violation of community standards, including
sustained inappropriate behavior.

**Consequence**: A temporary ban from any sort of interaction or public
communication with the community for a specified period of time. No public or
private interaction with the people involved, including unsolicited interaction
with those enforcing the Code of Conduct, is allowed during this period.
Violating these terms may lead to a permanent ban.

### 4. Permanent Ban

**Community Impact**: Demonstrating a pattern of violation of community
standards, including sustained inappropriate behavior, harassment of an
individual, or aggression toward or disparagement of classes of individuals.

**Consequence**: A permanent ban from any sort of public interaction within the
community.

## Attribution

This Code of Conduct is adapted from the [Contributor Covenant][homepage],
version 2.1, available at
https://www.contributor-covenant.org/version/2/1/code_of_conduct.html.

Community Impact Guidelines were inspired by
[Mozilla's code of conduct enforcement ladder][mozilla].

For answers to common questions about this code of conduct, see the FAQ at
https://www.contributor-covenant.org/faq. Translations are available at
https://www.contributor-covenant.org/translations.

[homepage]: https://www.contributor-covenant.org
[mozilla]: https://github.com/mozilla/diversity

===== CONTRIBUTING.md =====
executable: false

# Contributing

Thanks for your interest in improving `@hbmartin/full-featured-lib`.

## Setup

Use Node 26 or newer.

```bash
pnpm install
```

The install step also installs Lefthook. The local pre-commit hook runs the same
lint command CI runs.

## Development

```bash
pnpm run dev            # rebuild on change
pnpm run test           # run tests
pnpm run lint           # lint and format check
pnpm run typecheck      # tsc --noEmit
pnpm run deps:lint      # architecture rules
pnpm run security:lint  # Semgrep policy checks
```

`pnpm run check` runs lint, typecheck, dependency and security checks, and
coverage in the same order CI does. Run it before opening a pull request.

## Pull requests

- Keep changes focused; open an issue first for anything large or breaking.
- Add or update tests for every behavior change — coverage is enforced at 80%.
- Make sure `pnpm run check` passes locally.
- Write commit messages in the imperative mood ("Add X", not "Added X").

## Releasing

Maintainers cut releases by bumping the version, pushing the tag, and publishing
a GitHub release. See the README for the full flow.

## Code of conduct

Participation in this project is governed by the
[Code of Conduct](CODE_OF_CONDUCT.md).

===== SECURITY.md =====
executable: false

# Security Policy

## Supported Versions

The latest release and the default branch are supported for security fixes.

## Reporting a Vulnerability

Please report suspected vulnerabilities through GitHub's private vulnerability
reporting:

https://github.com/hbmartin/generated-lib/security/advisories/new

Include the affected version, steps to reproduce, impact, and any known
workaround. Please do not open a public issue for a suspected vulnerability
until a fix or mitigation is available.

===== AGENTS.md =====
executable: false

# AGENTS.md

Guidance for Codex and other coding agents working in this TypeScript library.

## Project Conventions

- Use pnpm for all package management and scripts.
- Keep implementation code in `source/` and Vitest coverage in `test/`.
- Treat this package as Node 26+ and ESM-only. Do not add CommonJS compatibility unless explicitly requested.
- Do not add Prettier. Linting is handled by Oxlint, and formatting is handled by Oxfmt.

## Code Changes

- Keep the public API intentional. Export from `source/index.ts` deliberately, and do not expose internal modules by accident.
- Keep CLI entry points thin. Parse arguments and handle process I/O in CLI files, but put reusable behavior in normal library modules.
- When public API or CLI behavior changes, update `README.md` and tests.
- Prefer small, direct dependencies when they materially simplify the implementation.
- Update or add Vitest tests for every behavior change.
- Update the fallow boundary rules and Semgrep checks when architecture or security expectations change.

## Verification

- Before handoff, run `pnpm run release:check`.
- Use smaller targeted checks while iterating, such as `pnpm run test`, `pnpm run lint`, `pnpm run deps:lint`, or `pnpm run security:lint`.
- `pnpm run security:lint` uses Semgrep; install Semgrep or uv if neither is available.

===== .fallowrc.jsonc =====
executable: false

{
  // Architecture gate for `deps:lint`. These five rules keep `source/` layered
  // correctly: no import cycles, no unresolved or undeclared imports, no
  // reaching into `test/`, and no devDependencies in shipped code. Fallow's
  // dead-code, duplication, and complexity analyses are deliberately off so
  // this stays a focused architecture check rather than a code-quality gate.
  // Declared explicitly: the package entry points resolve into `dist/`, which is
  // ignored below, so without this the source tree is unreachable and the
  // boundary rules silently pass instead of failing.
  "entry": ["source/index.ts", "source/cli.ts"],
  "ignorePatterns": ["dist/**", "coverage/**"],
  "rules": {
    "circular-dependencies": "error",
    "unresolved-imports": "error",
    "unlisted-dependencies": "error",
    "dev-dependencies-in-production": "error",
    "boundary-violation": "error",

    // Not part of the architecture gate.
    "unused-files": "off",
    "unused-exports": "off",
    "unused-types": "off",
    "unused-dependencies": "off",
    // Kept on: every scaffolded devDependency is executed by a script or wired
    // into tsconfig/vitest, so an unused entry means something was added and
    // never hooked up. Set to "warn" if that is too strict for your project.
    "unused-dev-dependencies": "error",
    "unused-optional-dependencies": "off",
    "unused-enum-members": "off",
    "unused-class-members": "off",
    "duplicate-exports": "off",
    "re-export-cycle": "off",
    "type-only-dependencies": "off",
    "test-only-dependencies": "off",
    "stale-suppressions": "off"
  },
  "boundaries": {
    "zones": [
      { "name": "source", "patterns": ["source/**"] },
      { "name": "test", "patterns": ["test/**"] }
    ],
    "rules": [
      { "from": "source", "allow": [] },
      { "from": "test", "allow": ["source"] }
    ]
  }
}

===== lefthook.yml =====
executable: false

pre-commit:
  commands:
    lint:
      run: pnpm run lint

===== semgrep.yml =====
executable: false

rules:
  - id: no-eval-like-execution
    message: Avoid eval-like dynamic code execution. Parse data or dispatch explicit functions instead.
    severity: ERROR
    languages:
      - javascript
      - typescript
    pattern-either:
      - pattern: eval(...)
      - pattern: new Function(...)

  - id: no-child-process-exec
    message: Avoid child_process exec/execSync. Use execFile or spawn with explicit arguments instead.
    severity: ERROR
    languages:
      - javascript
      - typescript
    pattern-either:
      - patterns:
          - pattern-inside: |
              import * as $CHILD_PROCESS from "node:child_process";
              ...
          - pattern-either:
              - pattern: $CHILD_PROCESS.exec(...)
              - pattern: $CHILD_PROCESS.execSync(...)
      - patterns:
          - pattern-inside: |
              import * as $CHILD_PROCESS from "child_process";
              ...
          - pattern-either:
              - pattern: $CHILD_PROCESS.exec(...)
              - pattern: $CHILD_PROCESS.execSync(...)
      - patterns:
          - pattern-inside: |
              import $CHILD_PROCESS from "node:child_process";
              ...
          - pattern-either:
              - pattern: $CHILD_PROCESS.exec(...)
              - pattern: $CHILD_PROCESS.execSync(...)
      - patterns:
          - pattern-inside: |
              import $CHILD_PROCESS from "child_process";
              ...
          - pattern-either:
              - pattern: $CHILD_PROCESS.exec(...)
              - pattern: $CHILD_PROCESS.execSync(...)
      - patterns:
          - pattern-inside: |
              const $CHILD_PROCESS = require("node:child_process");
              ...
          - pattern-either:
              - pattern: $CHILD_PROCESS.exec(...)
              - pattern: $CHILD_PROCESS.execSync(...)
      - patterns:
          - pattern-inside: |
              const $CHILD_PROCESS = require("child_process");
              ...
          - pattern-either:
              - pattern: $CHILD_PROCESS.exec(...)
              - pattern: $CHILD_PROCESS.execSync(...)
      - patterns:
          - pattern-inside: |
              import { exec } from "node:child_process";
              ...
          - pattern: exec(...)
      - patterns:
          - pattern-inside: |
              import { exec } from "child_process";
              ...
          - pattern: exec(...)
      - patterns:
          - pattern-inside: |
              import { execSync } from "node:child_process";
              ...
          - pattern: execSync(...)
      - patterns:
          - pattern-inside: |
              import { execSync } from "child_process";
              ...
          - pattern: execSync(...)
      - patterns:
          - pattern-inside: |
              import { exec as $EXEC } from "node:child_process";
              ...
          - pattern: $EXEC(...)
      - patterns:
          - pattern-inside: |
              import { exec as $EXEC } from "child_process";
              ...
          - pattern: $EXEC(...)
      - patterns:
          - pattern-inside: |
              import { execSync as $EXEC_SYNC } from "node:child_process";
              ...
          - pattern: $EXEC_SYNC(...)
      - patterns:
          - pattern-inside: |
              import { execSync as $EXEC_SYNC } from "child_process";
              ...
          - pattern: $EXEC_SYNC(...)
      - patterns:
          - pattern-inside: |
              const { exec } = require("node:child_process");
              ...
          - pattern: exec(...)
      - patterns:
          - pattern-inside: |
              const { exec } = require("child_process");
              ...
          - pattern: exec(...)
      - patterns:
          - pattern-inside: |
              const { execSync } = require("node:child_process");
              ...
          - pattern: execSync(...)
      - patterns:
          - pattern-inside: |
              const { execSync } = require("child_process");
              ...
          - pattern: execSync(...)
      - patterns:
          - pattern-inside: |
              const { exec: $EXEC } = require("node:child_process");
              ...
          - pattern: $EXEC(...)
      - patterns:
          - pattern-inside: |
              const { exec: $EXEC } = require("child_process");
              ...
          - pattern: $EXEC(...)
      - patterns:
          - pattern-inside: |
              const { execSync: $EXEC_SYNC } = require("node:child_process");
              ...
          - pattern: $EXEC_SYNC(...)
      - patterns:
          - pattern-inside: |
              const { execSync: $EXEC_SYNC } = require("child_process");
              ...
          - pattern: $EXEC_SYNC(...)

  - id: no-shell-true-process
    message: Avoid shell:true process execution. Pass explicit argv to the executable instead.
    severity: ERROR
    languages:
      - javascript
      - typescript
    pattern-either:
      - pattern: 'spawn($COMMAND, $ARGS, { ..., shell: true, ... })'
      - pattern: 'spawnSync($COMMAND, $ARGS, { ..., shell: true, ... })'
      - pattern: 'execa($COMMAND, $ARGS, { ..., shell: true, ... })'
      - patterns:
          - pattern: '$PROCESS($COMMAND, { ..., shell: true, ... })'
          - metavariable-regex:
              metavariable: $PROCESS
              regex: ^(spawn|spawnSync|execFile|execFileSync|execa|execaSync|execaCommand|execaCommandSync)$

  - id: no-unpinned-jsr-cli
    message: Avoid transient JSR CLI execution. Add jsr as a devDependency and run the local binary.
    severity: ERROR
    languages:
      - generic
    pattern-regex: '(pnpm\s+dlx|yarn\s+dlx|npx)\s+jsr\b'

  - id: no-weak-crypto-hash
    message: Avoid weak cryptographic hashes. Use SHA-256 or stronger for security-sensitive hashing.
    severity: ERROR
    languages:
      - javascript
      - typescript
    pattern-either:
      - pattern: crypto.createHash("md5")
      - pattern: crypto.createHash("sha1")
      - pattern: createHash("md5")
      - pattern: createHash("sha1")

  - id: no-math-random-security-sensitive
    message: Avoid Math.random for security-sensitive values. Use crypto.randomUUID or crypto.getRandomValues instead.
    severity: ERROR
    languages:
      - javascript
      - typescript
    pattern-either:
      - patterns:
          - pattern-either:
              - pattern: const $NAME = Math.random()
              - pattern: let $NAME = Math.random()
              - pattern: var $NAME = Math.random()
              - pattern: $OBJECT.$NAME = Math.random()
          - metavariable-regex:
              metavariable: $NAME
              regex: (?i)(token|secret|nonce|session|password|key|csrf|auth)
      - patterns:
          - pattern-either:
              - pattern: |
                  function $NAME(...) {
                    ...
                    return Math.random()
                    ...
                  }
              - pattern: const $NAME = (...) => Math.random()
              - pattern: |
                  const $NAME = (...) => {
                    ...
                    return Math.random()
                    ...
                  }
          - metavariable-regex:
              metavariable: $NAME
              regex: (?i)(token|secret|nonce|session|password|key|csrf|auth)

===== scripts/security-lint.mjs =====
executable: false

import { spawnSync } from "node:child_process";

const semgrepVersion = "1.172.0";
const semgrepArguments = ["scan", "--config", "semgrep.yml", "--error", "source", "test"];
const forceUvx = process.env.SECURITY_LINT_FORCE_UVX === "1";

const runCommand = (command, arguments_) =>
  spawnSync(command, arguments_, {
    stdio: "inherit",
  });

const warn = (message) => {
  process.stderr.write(`${message}\n`);
};

const exitWithResult = (result) => {
  if (result.error) {
    throw result.error;
  }

  if (result.signal) {
    warn(`warning: security lint exited after signal ${result.signal}`);
    process.exit(1);
  }

  process.exit(result.status ?? 1);
};

const runSemgrep = () => {
  if (forceUvx) {
    return { error: Object.assign(new Error("Forced uvx Semgrep"), { code: "ENOENT" }) };
  }

  return runCommand("semgrep", semgrepArguments);
};

const runPinnedSemgrep = () =>
  runCommand("uvx", [`semgrep@${semgrepVersion}`, ...semgrepArguments]);

const semgrepResult = runSemgrep();

if (!semgrepResult.error) {
  exitWithResult(semgrepResult);
}

if (semgrepResult.error.code !== "ENOENT") {
  throw semgrepResult.error;
}

const uvxResult = runPinnedSemgrep();

if (uvxResult.error?.code === "ENOENT") {
  warn(`warning: security:lint requires semgrep on PATH or uvx for semgrep@${semgrepVersion}.`);
  warn("warning: install Semgrep directly or install uv so uvx can run the pinned scan.");
  process.exit(1);
}

exitWithResult(uvxResult);

===== package.json =====
executable: false

{
  "name": "@hbmartin/full-featured-lib",
  "version": "0.1.0",
  "description": "A generated TypeScript library",
  "homepage": "https://github.com/hbmartin/generated-lib#readme",
  "bugs": {
    "url": "https://github.com/hbmartin/generated-lib/issues"
  },
  "license": "MIT",
  "author": "Harold Martin <harold@example.com>",
  "repository": {
    "type": "git",
    "url": "git+https://github.com/hbmartin/generated-lib.git"
  },
  "bin": {
    "full-featured-lib": "dist/cli.js"
  },
  "files": [
    "dist"
  ],
  "type": "module",
  "packageManager": "pnpm@11.5.2",
  "exports": {
    ".": {
      "types": "./dist/index.d.ts",
      "default": "./dist/index.js"
    }
  },
  "scripts": {
    "build": "tsdown",
    "check": "pnpm run lint && pnpm run typecheck && pnpm run deps:lint && pnpm run security:lint && pnpm run test:coverage",
    "deps:lint": "fallow dead-code",
    "dev": "tsdown --watch",
    "format": "oxfmt . --write",
    "lint": "oxlint --deny-warnings . && oxfmt --check .",
    "attw": "attw --pack . --profile esm-only",
    "jsr:publish": "jsr publish",
    "prepare": "lefthook install",
    "prepublishOnly": "pnpm run check && pnpm run build && pnpm run verify:artifacts && pnpm run publint && pnpm run types:lint",
    "publint": "publint --pack pnpm",
    "release:check": "pnpm run prepublishOnly && pnpm run verify:package",
    "security:lint": "node scripts/security-lint.mjs",
    "size:report": "npm pack --dry-run --json",
    "test": "vitest run",
    "test:coverage": "vitest run --coverage",
    "typecheck": "tsc --noEmit",
    "types:lint": "attw --pack . --profile esm-only",
    "verify:artifacts": "node -e \"for (const file of ['dist/index.js','dist/index.d.ts','dist/cli.js','dist/cli.d.ts']) require('node:fs').statSync(file)\"",
    "verify:package": "npm publish --dry-run --ignore-scripts"
  },
  "dependencies": {
    "meow": "^14.1.0"
  },
  "devDependencies": {
    "@arethetypeswrong/cli": "^0.18.5",
    "@sindresorhus/tsconfig": "^8.1.0",
    "@types/node": "^26.1.2",
    "@vitest/coverage-v8": "^4.1.10",
    "fallow": "^3.14.0",
    "jsr": "^0.14.3",
    "lefthook": "^2.1.10",
    "oxfmt": "^0.62.0",
    "oxlint": "^1.77.0",
    "publint": "^0.3.23",
    "tsdown": "^0.22.14",
    "typescript": "^7.0.2",
    "vitest": "^4.1.10"
  },
  "pnpm": {
    "overrides": {
      "@types/node": "^26.1.2"
    }
  },
  "engines": {
    "node": ">=26"
  }
}

===== README.md =====
executable: false

# `@hbmartin/full-featured-lib`

[![npm version](https://img.shields.io/npm/v/@hbmartin/full-featured-lib.svg)](https://www.npmjs.com/package/@hbmartin/full-featured-lib)
[![CI](https://github.com/hbmartin/generated-lib/actions/workflows/ci.yml/badge.svg)](https://github.com/hbmartin/generated-lib/actions/workflows/ci.yml)
[![JSR](https://jsr.io/badges/@hbmartin/full-featured-lib)](https://jsr.io/@hbmartin/full-featured-lib)
[![License: MIT](https://img.shields.io/badge/license-MIT-blue.svg)](LICENSE)

A generated TypeScript library

## Install

```bash
pnpm add @hbmartin/full-featured-lib
```

## Usage

```ts
import { formatValue } from "@hbmartin/full-featured-lib";

const output = formatValue({ ready: true });
```

## CLI

```bash
full-featured-lib --help
```

## Development

Lint, format, type-check, dependency and security policy checks, and tests are
wired into a single command:

```bash
pnpm run check         # lint + dep/security checks + typecheck + coverage
pnpm run test          # run tests
pnpm run build         # build to dist/
pnpm run release:check # package validation + publish dry run
```

`pnpm run security:lint` prefers `semgrep` on PATH and otherwise runs the pinned `uvx semgrep@1.172.0` scan.

See [`AGENTS.md`](AGENTS.md) for the conventions this project follows.

## Releasing

Publishing is automated: bump the version with `pnpm version`, push, and
publish a GitHub release. The release workflow validates the package and runs
`npm publish` with [provenance](https://docs.npmjs.com/generating-provenance-statements).

The workflow authenticates with npm
[trusted publishing](https://docs.npmjs.com/trusted-publishers) (OIDC) instead
of a long-lived token. Before the first release, add a trusted publisher on
npmjs.com for `hbmartin/generated-lib` pointing at the `release.yml` GitHub Actions
workflow.

The release workflow also publishes to [JSR](https://jsr.io). Link the GitHub
repository on your package's JSR settings page so the workflow's OIDC token is
accepted, or run `pnpm run jsr:publish` locally.

## License

[MIT](LICENSE) © Harold Martin.

===== pnpm-workspace.yaml =====
executable: false

packages:
  - "."

allowBuilds:
  lefthook: true

===== tsconfig.json =====
executable: false

{
  "extends": "@sindresorhus/tsconfig",
  "compilerOptions": {
    "outDir": "dist",
    "noUnusedLocals": false,
    "erasableSyntaxOnly": false
  },
  "include": ["source"]
}

===== tsdown.config.ts =====
executable: false

import { defineConfig } from "tsdown";

export default defineConfig({
  dts: true,
  entry: ["./source/index.ts", "./source/cli.ts"],
  // Emit .js/.d.ts (not .mjs/.d.mts) to match the package.json exports.
  fixedExtension: false,
  format: "esm",
  outDir: "dist",
  platform: "node",
});

===== vitest.config.ts =====
executable: false

import { defineConfig } from "vitest/config";

export default defineConfig({
  test: {
    environment: "node",
    include: ["test/**/*.test.ts"],
    coverage: {
      provider: "v8",
      reporter: ["lcov", "text"],
      include: ["source/**/*.ts"],
      exclude: ["test/**/*.test.ts"],
      thresholds: {
        branches: 80,
        functions: 80,
        lines: 80,
        statements: 80,
      },
    },
  },
});

===== LICENSE =====
executable: false

MIT License

Copyright (c) 2026 Harold Martin

Permission is hereby granted, free of charge, to any person obtaining a copy
of this software and associated documentation files (the "Software"), to deal
in the Software without restriction, including without limitation the rights
to use, copy, modify, merge, publish, distribute, sublicense, and/or sell
copies of the Software, and to permit persons to whom the Software is
furnished to do so, subject to the following conditions:

The above copyright notice and this permission notice shall be included in all
copies or substantial portions of the Software.

THE SOFTWARE IS PROVIDED "AS IS", WITHOUT WARRANTY OF ANY KIND, EXPRESS OR
IMPLIED, INCLUDING BUT NOT LIMITED TO THE WARRANTIES OF MERCHANTABILITY,
FITNESS FOR A PARTICULAR PURPOSE AND NONINFRINGEMENT. IN NO EVENT SHALL THE
AUTHORS OR COPYRIGHT HOLDERS BE LIABLE FOR ANY CLAIM, DAMAGES OR OTHER
LIABILITY, WHETHER IN AN ACTION OF CONTRACT, TORT OR OTHERWISE, ARISING FROM,
OUT OF OR IN CONNECTION WITH THE SOFTWARE OR THE USE OR OTHER DEALINGS IN THE
SOFTWARE.

===== source/index.ts =====
executable: false

export type { BrandedId } from "./types/index.js";
export { formatValue } from "./utils/formatting.js";

===== source/types/index.ts =====
executable: false

export type BrandedId<T extends string> = string & {
  readonly __brand: T;
};

===== source/utils/formatting.ts =====
executable: false

export const formatValue = (value: unknown): string => {
  if (value === undefined) {
    return "";
  }

  if (typeof value === "string") {
    return value;
  }

  return JSON.stringify(value) ?? "";
};

===== test/utils/formatting.test.ts =====
executable: false

import { describe, expect, it } from "vitest";

import { formatValue } from "../../source/utils/formatting.js";

describe("formatValue", () => {
  it("returns empty string for undefined", () => {
    expect(formatValue(undefined)).toBe("");
  });

  it("returns string values directly", () => {
    expect(formatValue("hello")).toBe("hello");
  });

  it("JSON-serializes non-string values", () => {
    expect(formatValue(42)).toBe("42");
    expect(formatValue(null)).toBe("null");
    expect(formatValue([1, 2, 3])).toBe("[1,2,3]");
    expect(formatValue({ a: 1 })).toBe('{"a":1}');
  });

  it("returns empty string when JSON serialization has no string output", () => {
    expect(formatValue(() => undefined)).toBe("");
    expect(formatValue(Symbol("test"))).toBe("");
  });
});

===== source/cli.ts =====
executable: true

#!/usr/bin/env node
import meow from "meow";

meow(
  `
  Usage
    $ full-featured-lib <input>

  Options
    --help     Show help
    --version  Show version
  `,
  { importMeta: import.meta },
);

===== test/cli.test.ts =====
executable: false

import { describe, expect, it, vi } from "vitest";

const { meow } = vi.hoisted(() => ({
  meow: vi.fn(() => ({
    flags: {},
    input: [],
  })),
}));

vi.mock("meow", () => ({
  default: meow,
}));

describe("cli", () => {
  it("configures the CLI help text", async () => {
    await import("../source/cli.js");

    expect(meow).toHaveBeenCalledWith(
      expect.stringContaining("$ full-featured-lib <input>"),
      expect.objectContaining({
        importMeta: expect.anything(),
      }),
    );
  });
});

===== jsr.json =====
executable: false

{
  "name": "@hbmartin/full-featured-lib",
  "version": "0.1.0",
  "exports": "./source/index.ts",
  "publish": {
    "include": [
      "source/**/*.ts",
      "README.md",
      "LICENSE"
    ],
    "exclude": [
      "**/*.test.ts"
    ]
  }
}

===== renovate.json =====
executable: false

{
  "$schema": "https://docs.renovatebot.com/renovate-schema.json",
  "extends": ["config:recommended"],
  "rangeStrategy": "bump",
  "packageRules": [
    {
      "description": "Keep GitHub Actions pinned and updated deliberately.",
      "matchManagers": ["github-actions"],
      "pinDigests": true
    }
  ]
}

===== .github/workflows/ci.yml =====
executable: false

name: ci
on:
  pull_request:
    branches: [main]
  push:
    branches: [main]

permissions:
  contents: read
  pull-requests: write

concurrency:
  group: ci-${{ github.ref }}
  cancel-in-progress: true

jobs:
  checks:
    runs-on: ubuntu-latest
    strategy:
      fail-fast: false
      matrix:
        node-version: ["26"]
    steps:
      - uses: actions/checkout@df4cb1c069e1874edd31b4311f1884172cec0e10 # v6.0.3
        with:
          persist-credentials: false
      - uses: pnpm/action-setup@0e279bb959325dab635dd2c09392533439d90093 # v6.0.8
        with:
          version: 11.5.2
      - uses: actions/setup-node@48b55a011bda9f5d6aeb4c2d9c7362e8dae4041e # v6.4.0
        with:
          node-version: ${{ matrix.node-version }}
          cache: "pnpm"
      - uses: astral-sh/setup-uv@fac544c07dec837d0ccb6301d7b5580bf5edae39 # v8.2.0
        with:
          enable-cache: true
      - run: pnpm install --frozen-lockfile
      - run: pnpm audit --prod
      - run: pnpm run check
        env:
          SECURITY_LINT_FORCE_UVX: "1"
      - run: pnpm run build
      - run: pnpm run publint

      - name: Upload coverage to Codecov
        if: matrix.node-version == '26'
        uses: codecov/codecov-action@fb8b3582c8e4def4969c97caa2f19720cb33a72f # v7.0.0
        with:
          token: ${{ secrets.CODECOV_TOKEN }}
          fail_ci_if_error: true

===== .github/workflows/release.yml =====
executable: false

name: Release

on:
  release:
    types: [published]

permissions:
  contents: read
  id-token: write

concurrency:
  group: release-${{ github.event.release.tag_name }}
  cancel-in-progress: false

jobs:
  publish:
    name: Publish to npm
    runs-on: ubuntu-latest
    steps:
      - name: Checkout
        uses: actions/checkout@df4cb1c069e1874edd31b4311f1884172cec0e10 # v6.0.3
        with:
          ref: ${{ github.event.release.tag_name }}

      - name: Setup pnpm
        uses: pnpm/action-setup@0e279bb959325dab635dd2c09392533439d90093 # v6.0.8
        with:
          version: 11.5.2

      - name: Setup Node.js
        uses: actions/setup-node@48b55a011bda9f5d6aeb4c2d9c7362e8dae4041e # v6.4.0
        with:
          node-version: '26.x'
          cache: 'pnpm'
          cache-dependency-path: pnpm-lock.yaml
          registry-url: 'https://registry.npmjs.org'

      - name: Setup uv
        uses: astral-sh/setup-uv@fac544c07dec837d0ccb6301d7b5580bf5edae39 # v8.2.0
        with:
          enable-cache: true

      - name: Upgrade npm to latest
        run: |
          npm -v
          npm config set prefix ~/.local
          export PATH="$HOME/.local/bin:$PATH"
          echo "$HOME/.local/bin" >> "$GITHUB_PATH"
          npm install -g npm@latest
          hash -r
          npm -v

      - name: Install dependencies
        run: pnpm install --frozen-lockfile

      - name: Run release checks
        run: pnpm run release:check
        env:
          SECURITY_LINT_FORCE_UVX: "1"

      - name: Report bundle size
        run: pnpm run size:report

      - name: Publish to npm
        run: |
          TAG="latest"
          if [[ "${{ github.event.release.prerelease }}" == "true" ]]; then
            TAG="next"
          fi

          echo "Publishing with tag: $TAG"
          npm publish --tag "$TAG" --access public --provenance
      - name: Publish to JSR
        run: pnpm run jsr:publish

===== .github/workflows/codeql.yml =====
executable: false

name: codeql

on:
  pull_request:
    branches: [main]
  push:
    branches: [main]
  schedule:
    - cron: "29 3 * * 1"

permissions:
  contents: read

jobs:
  analyze:
    runs-on: ubuntu-latest
    permissions:
      contents: read
      security-events: write
    steps:
      - uses: actions/checkout@df4cb1c069e1874edd31b4311f1884172cec0e10 # v6.0.3
        with:
          persist-credentials: false
      - uses: github/codeql-action/init@8aad20d150bbac5944a9f9d289da16a4b0d87c1e # v4.36.2
        with:
          languages: javascript-typescript
      - uses: github/codeql-action/analyze@8aad20d150bbac5944a9f9d289da16a4b0d87c1e # v4.36.2

===== .github/workflows/scorecard.yml =====
executable: false

name: scorecard

on:
  branch_protection_rule:
  push:
    branches: [main]
  schedule:
    - cron: "41 3 * * 1"

permissions:
  contents: read

jobs:
  scorecard:
    runs-on: ubuntu-latest
    permissions:
      contents: read
      id-token: write
      security-events: write
    steps:
      - uses: actions/checkout@df4cb1c069e1874edd31b4311f1884172cec0e10 # v6.0.3
        with:
          persist-credentials: false
      - uses: ossf/scorecard-action@4eaacf0543bb3f2c246792bd56e8cdeffafb205a # v2.4.3
        with:
          publish_results: true
          results_file: scorecard.sarif
          results_format: sarif
      - uses: github/codeql-action/upload-sarif@8aad20d150bbac5944a9f9d289da16a4b0d87c1e # v4.36.2
        with:
          sarif_file: scorecard.sarif

===== .create-ts-lib.json =====
executable: false

{
  "config": {
    "author": "Harold Martin <harold@example.com>",
    "bundler": "tsdown",
    "copyrightYear": "2026",
    "description": "A generated TypeScript library",
    "githubRepoUrl": "https://github.com/hbmartin/generated-lib",
    "includeCli": true,
    "includeCodecov": true,
    "includeCommunityFiles": true,
    "includeJsr": true,
    "includeSecurityWorkflows": true,
    "includeZod": false,
    "license": "MIT",
    "lintFormatTooling": "oxlint-oxfmt",
    "nodeTarget": "26",
    "packageManager": "pnpm",
    "projectName": "@hbmartin/full-featured-lib",
    "workspaceMode": false
  },
  "files": {
    ".gitignore": "6fdd1a84dd27b2073507437c5af7ca7f2d0f6709640ace5fd2bde35af48565bc",
    ".oxfmtrc.json": "b2bd97b91abc85dccd9e9c5ef17d1bc470032d4351920159e8921c78e449f8b1",
    ".oxlintrc.json": "073e8e8bd576c1f99825edb90518f125a973c751c569e8d1e3c9f1b1ff5ba517",
    ".vscode/extensions.json": "64adf17da20621ee37e9a5d484b9733b5707e364ff007b3bbdb4b4a131a46bf6",
    ".vscode/settings.json": "3085362e70c4f8913b5eae2b6f03b5e59fcdb732308af2d0c8cb2e0ec7011fa9",
    "CODE_OF_CONDUCT.md": "053c9c452c6372dce2cd0e6baa82a969de7e8f45dcf131b84b775f2d428583ee",
    "CONTRIBUTING.md": "1f3149e106fcef0ae965f178ebc61ad368ff98cc86c4195fad600b16a0729e92",
    "SECURITY.md": "e1d31b30e962dfad01e4cb3b36e3b77f869b00ba02af9ba11c45d7d606853ef1",
    "AGENTS.md": "716c6d43b34e1634d99b1bf1f12c3c44d220e12562459ae8d766742f7af4ef84",
    ".fallowrc.jsonc": "32b8ab06ef4a126315eb5d7b9deef176c979ad9ed01b7a0a8b545c2370960e5e",
    "lefthook.yml": "ad39670426a452a1ec6258af88a582d553acffdc34f35d2c672c2fc133ee0bc9",
    "semgrep.yml": "9d0250521fb44ae77fa2d333f5dc6c38722135f8f33ef1843368cd4e63297a0c",
    "scripts/security-lint.mjs": "65d95766514de798a8abe902078c5ef001bc15168eec69c775b1eb77f026b590",
    "package.json": "c13aa4c9abfa17f482b9d1d32465c83c290d30f20ac9ae1443e4e5efa37ba563",
    "README.md": "5221c24795e34e61068c89fa3c7956cca57d401067ccd812db4f3f2c5c881b23",
    "pnpm-workspace.yaml": "d15d9cfa7e20813fad6f5b200c5f0fa01e2dbafe45a07fbe3c057067ad95fceb",
    "tsconfig.json": "42ad0ea716a4470def8eeb617459c89889e67c3de983abbe0fd116f8177b25d9",
    "tsdown.config.ts": "1cae332dc06229d1f6ff705df7295a890dcc6100709fd2f51ebfdd4763910412",
    "vitest.config.ts": "5671b4ab301ed4947fe7d588d87e5f4222f83339bb4b6d54b79c9d709093d4f7",
    "LICENSE": "061464f1fe53e4a3f832eceb1e6f6c15d23f36f89b16dc016ff8a6e377e630eb",
    "source/index.ts": "b9fc0171e56e781e6847062178d9fa26ce46ac65f2a2ccafa7dc643b5cca4d7a",
    "source/types/index.ts": "58728d9a8282e8a9bdfd78efbb33ff5e5795594bf699c303f0edb56cbba45617",
    "source/utils/formatting.ts": "d21aef6bf37d6e8ce22ed57a3ac54be5e7469ebb5b985486813f2ca6b441bf9f",
    "test/utils/formatting.test.ts": "91479021e888723ae2d75f5de1c657f477a39ea37ecb7aaf9de8246697639d54",
    "source/cli.ts": "5899e10edfac2ebf04dd1c24d0f09ce390335816ff5550eee8b2413cd999203c",
    "test/cli.test.ts": "8100f3f17e8861cde31cb2dbf939a2bd3838866e22bcf87a7dcd77d98b490d3e",
    "jsr.json": "7226e3e45429ed0d762f3a66275e173fba6e1af4628e7be7754b8869165877ff",
    "renovate.json": "0ae04eb363afc6f3007bb06def9e1fc15d72d51dceaa66694d1b5479a7a23d91",
    ".github/workflows/ci.yml": "6a688e2434539e1743327319a4a99380fbabdf826630024726a3168c5f8d5533",
    ".github/workflows/release.yml": "f981008c6006913d5db4a06221195823579882fbf6340982e47a8342e0cb5853",
    ".github/workflows/codeql.yml": "9fd59ceff3c4e087d3d0a015a2bbcb00a6850654513e538337f63211628daa4b",
    ".github/workflows/scorecard.yml": "983c1a281e70bc209fe28f94209f1a70dc0d66c06ea87e37a6ac5672fcdedbd7"
  },
  "generator": "@hbmartin/create-ts-lib",
  "version": "<generator-version>"
}
